// Jest Snapshot v1, https://goo.gl/fbAQLP

exports[`hourclock module index should define a module 1`] = `
Object {
  "__name": "$hourclock.module.name",
  "icon": "pie_chart",
  "id": "hourclock",
  "routes": Array [
    Object {
      "component": Object {
        "name": "module",
        "render": [Function],
        "setup": [Function],
      },
      "path": "",
    },
    Object {
      "component": Object {
        "name": "module",
        "render": [Function],
        "setup": [Function],
      },
      "path": "/hourclock/:id",
    },
  ],
}
`;
